<div class="csl-bib-body">
  <div class="csl-entry">
    <div class="csl-left-margin">[1]</div><div class="csl-right-inline"> J. Doe, <i>Book A</i>, 2000.</div>
  </div>
  <div class="csl-entry">
    <div class="csl-left-margin">[2]</div><div class="csl-right-inline"> J. Doe, <i>Book B</i>, 2000.</div>
  </div>
  <div class="csl-entry">
    <div class="csl-left-margin">[3]</div><div class="csl-right-inline"> R. Snoakes, <i>Book C</i>, 2000.</div>
  </div>
</div>
