<b>Familyname</b>, <i>Givenname al</i>
<b>Familyname</b>, <i>Givenname dos</i>
<b>Familyname</b>, <i>Givenname el</i>
<b>Las Familyname</b>, <i>Givenname de</i>
<b>Familyname</b>, <i>Givenname lo</i>
<b>Familyname</b>, <i>Givenname les</i>
<b>Familyname</b>, <i>Givenname il</i>
<b>del Familyname</b>, <i>Givenname</i>
<b>Familyname</b>, <i>Givenname dela</i>
<b>Familyname</b>, <i>Givenname della</i>
<b>Familyname</b>, <i>Givenname dello</i>
<b>Di Familyname</b>, <i>Givenname</i>
<b>Da Familyname</b>, <i>Givenname</i>
<b>Do Familyname</b>, <i>Givenname</i>
<b>Des Familyname</b>, <i>Givenname</i>
<b>Lou Familyname</b>, <i>Givenname</i>
<b>Pietro Familyname</b>, <i>Givenname</i>
<b>de Familyname</b>, <i>Givenname</i>
<b>La Familyname</b>, <i>Givenname de</i>
<b>Familyname</b>, <i>Givenname du</i>
<b>Familyname</b>, <i>Givenname d’</i>
<b>Le Familyname</b>, <i>Givenname</i>
<b>La Familyname</b>, <i>Givenname</i>
<b>L’Familyname</b>, <i>Givenname</i>
<b>Saint Familyname</b>, <i>Givenname</i>
<b>Sainte Familyname</b>, <i>Givenname</i>
<b>St. Familyname</b>, <i>Givenname</i>
<b>Ste. Familyname</b>, <i>Givenname</i>
<b>van Familyname</b>, <i>Givenname</i>
<b>van de Familyname</b>, <i>Givenname</i>
<b>van der Familyname</b>, <i>Givenname</i>
<b>van den Familyname</b>, <i>Givenname</i>
<b>vander Familyname</b>, <i>Givenname</i>
<b>v.d. Familyname</b>, <i>Givenname</i>
<b>vd Familyname</b>, <i>Givenname</i>
<b>van het Familyname</b>, <i>Givenname</i>
<b>ver Familyname</b>, <i>Givenname</i>
<b>ten Familyname</b>, <i>Givenname</i>
<b>ter Familyname</b>, <i>Givenname</i>
<b>te Familyname</b>, <i>Givenname</i>
<b>Familyname</b>, <i>Givenname op de</i>
<b>in de Familyname</b>, <i>Givenname</i>
<b>in ’t Familyname</b>, <i>Givenname</i>
<b>’t Familyname</b>, <i>Givenname</i>
<b>in het Familyname</b>, <i>Givenname</i>
<b>uit de Familyname</b>, <i>Givenname</i>
<b>uit den Familyname</b>, <i>Givenname</i>
<b>Familyname</b>, <i>Givenname von</i>
<b>Familyname</b>, <i>Givenname von der</i>
<b>Familyname</b>, <i>Givenname von dem</i>
<b>Familyname</b>, <i>Givenname von zu</i>
<b>v. Familyname</b>, <i>Givenname</i>
<b>v Familyname</b>, <i>Givenname</i>
<b>Familyname</b>, <i>Givenname vom</i>
<b>Familyname</b>, <i>Givenname das</i>
<b>Familyname</b>, <i>Givenname zum</i>
<b>Familyname</b>, <i>Givenname zur</i>
<b>Familyname</b>, <i>Givenname den</i>
<b>Familyname</b>, <i>Givenname der</i>
<b>Familyname</b>, <i>Givenname des</i>
<b>Familyname</b>, <i>Givenname auf den</i>
