His Anonymous Life (1) pages 1–2 (cs:text) vs His Anonymous Life (1) pages 1–2 (cs:number); His Anonymous Life (2) pages i–ix (cs:text) vs His Anonymous Life (2) pages i–ix (cs:number); His Anonymous Life (3) page 3-B (cs:text) vs His Anonymous Life (3) page 3-B (cs:number); His Anonymous Life (4) pages Michaelson–Morely (cs:text) vs His Anonymous Life (4) pages Michaelson–Morely (cs:number)
