[citation1-item1-note1] Appleton “Tom Swift and His Electric Runabout” (1910).
[citation2-item1-note2] ibid.
[citation3-item1-note2] ibid. page 33.
[citation4-item2-note3] Bloggs “A Very Short Book Indeed” (2012); [citation4-item1-note3] Appleton supra.
[citation5-item1-note4] Appleton supra page 99.
[citation6-item1-note4] Appleton supra.
[citation7-item1-note4] ibid.
