<div class="csl-bib-body">
  <div class="csl-entry">[1] Book One</div>
  <div class="csl-entry">[2] Book Three</div>
  <div class="csl-entry">[3] Book Four</div>
  <div class="csl-entry">[4] Book Six</div>
  <div class="csl-entry">[5] Book Two</div>
  <div class="csl-entry">[6] Book Five</div>
  <div class="csl-entry">[7] Book Seven</div>
  <div class="csl-entry">[8] Book Eight</div>
</div>
