<div class="csl-bib-body">
  <div class="csl-entry">d’Wander, W</div>
  <div class="csl-entry">de’Frinkle, B</div>
  <div class="csl-entry">in ’t Horvath, P A B</div>
  <div class="csl-entry">in ’t Horvath, P A D</div>
  <div class="csl-entry">Klabdaggit, M</div>
  <div class="csl-entry">’t Horvath, P A A</div>
  <div class="csl-entry">’t Horvath, P A C</div>
  <div class="csl-entry">Vooz, B</div>
</div>
