Center &#60;sup&#62;for&#60;/sup&#62; History &#60;sub&#62;and&#60;/sub&#62; New Media, “<b>Zotero</b> … ‘Quick Start’ &#38; <span style="font-variant:small-caps;">Guide</span> 日本語,” 47, http://zotero.org/support/quick_start_guide.
John Smith, <i>Book A</i>, 2000; Center &#60;sup&#62;for&#60;/sup&#62; History &#60;sub&#62;and&#60;/sub&#62; New Media, “<b>Zotero</b> … ‘Quick Start’ &#38; <span style="font-variant:small-caps;">Guide</span> 日本語.”
